
> build
> vite build

vite v8.0.11 building client environment for production...
[2Ktransforming...✓ 2799 modules transformed.
rendering chunks...
computing gzip size...
public/build/manifest.json                                     55.86 kB │ gzip:  5.18 kB
public/build/assets/app-Bgi-lPqF.css                          128.49 kB │ gzip: 19.29 kB
public/build/assets/loader-circle-C2TxwESJ.js                   0.14 kB │ gzip:  0.15 kB
public/build/assets/plus-0bmqSPwy.js                            0.15 kB │ gzip:  0.15 kB
public/build/assets/x-DD5X705-.js                               0.15 kB │ gzip:  0.15 kB
public/build/assets/arrow-left-0O7tYldJ.js                      0.16 kB │ gzip:  0.16 kB
public/build/assets/arrow-right-DwHl7Xnb.js                     0.16 kB │ gzip:  0.16 kB
public/build/assets/search-B7GWXHua.js                          0.17 kB │ gzip:  0.16 kB
public/build/assets/trending-up-D8FfGt2q.js                     0.17 kB │ gzip:  0.16 kB
public/build/assets/circle-check-CqzcETeO.js                    0.17 kB │ gzip:  0.16 kB
public/build/assets/ban-DhyuJLIs.js                             0.18 kB │ gzip:  0.16 kB
public/build/assets/play-DquYR04a.js                            0.19 kB │ gzip:  0.17 kB
public/build/assets/user-By9BZIoW.js                            0.19 kB │ gzip:  0.18 kB
public/build/assets/InputError-GPpgzJWy.js                      0.19 kB │ gzip:  0.17 kB
public/build/assets/info-CUWcZsDv.js                            0.20 kB │ gzip:  0.17 kB
public/build/assets/lock-DMURpNPX.js                            0.20 kB │ gzip:  0.19 kB
public/build/assets/circle-x-DikTXsS5.js                        0.20 kB │ gzip:  0.17 kB
public/build/assets/credit-card-CTq1GRPR.js                     0.20 kB │ gzip:  0.18 kB
public/build/assets/mail-CxHdn-OL.js                            0.21 kB │ gzip:  0.20 kB
public/build/assets/dollar-sign-nqeiDc_5.js                     0.21 kB │ gzip:  0.19 kB
public/build/assets/InputLabel-D-sGtLiD.js                      0.22 kB │ gzip:  0.19 kB
public/build/assets/git-branch-Cb4OXHaD.js                      0.22 kB │ gzip:  0.19 kB
public/build/assets/download-CKcBUqK1.js                        0.23 kB │ gzip:  0.19 kB
public/build/assets/message-square-NBVZ4vmU.js                  0.23 kB │ gzip:  0.20 kB
public/build/assets/pen-BBEXUx8Z.js                             0.23 kB │ gzip:  0.20 kB
public/build/assets/history-BUw0hpSg.js                         0.23 kB │ gzip:  0.19 kB
public/build/assets/globe-DOKtvADT.js                           0.24 kB │ gzip:  0.19 kB
public/build/assets/circle-alert-q-OvRxIq.js                    0.25 kB │ gzip:  0.18 kB
public/build/assets/eye-JncZGOpP.js                             0.25 kB │ gzip:  0.20 kB
public/build/assets/funnel-D1mlJmja.js                          0.25 kB │ gzip:  0.21 kB
public/build/assets/calendar-gj7S1cca.js                        0.25 kB │ gzip:  0.20 kB
public/build/assets/map-pin-CBNbTEeZ.js                         0.25 kB │ gzip:  0.22 kB
public/build/assets/monitor-BEomJFGy.js                         0.25 kB │ gzip:  0.20 kB
public/build/assets/triangle-alert-BUUu5z8K.js                  0.26 kB │ gzip:  0.21 kB
public/build/assets/rotate-ccw-DxAlDlCp.js                      0.27 kB │ gzip:  0.22 kB
public/build/assets/wallet-CxqD0OeX.js                          0.28 kB │ gzip:  0.20 kB
public/build/assets/shopping-cart-B0CTbY6O.js                   0.29 kB │ gzip:  0.23 kB
public/build/assets/hash-HlVpbhpW.js                            0.29 kB │ gzip:  0.19 kB
public/build/assets/coffee-DHJHYKjy.js                          0.30 kB │ gzip:  0.20 kB
public/build/assets/file-check-BQ-Fz7y1.js                      0.31 kB │ gzip:  0.23 kB
public/build/assets/printer-xSOrq_cZ.js                         0.31 kB │ gzip:  0.23 kB
public/build/assets/shield-check-8MsdOKwr.js                    0.32 kB │ gzip:  0.25 kB
public/build/assets/refresh-cw-BAyVNEOW.js                      0.32 kB │ gzip:  0.22 kB
public/build/assets/phone-Bbns6o60.js                           0.32 kB │ gzip:  0.23 kB
public/build/assets/tag-CtfIrAVX.js                             0.32 kB │ gzip:  0.24 kB
public/build/assets/save-BiauJO9h.js                            0.32 kB │ gzip:  0.22 kB
public/build/assets/trash-2-pFaWjuQo.js                         0.32 kB │ gzip:  0.21 kB
public/build/assets/package-CnrOj2As.js                         0.37 kB │ gzip:  0.25 kB
public/build/assets/building-2-DkWN1kg6.js                      0.38 kB │ gzip:  0.24 kB
public/build/assets/clipboard-list-DvD-NmPC.js                  0.41 kB │ gzip:  0.26 kB
public/build/assets/layers-B17Hr7ZF.js                          0.42 kB │ gzip:  0.24 kB
public/build/assets/wifi-off-CuonU9M-.js                        0.46 kB │ gzip:  0.27 kB
public/build/assets/TextInput-B-5CHKAk.js                       0.46 kB │ gzip:  0.32 kB
public/build/assets/package-search-DcxfZYek.js                  0.47 kB │ gzip:  0.30 kB
public/build/assets/sparkles-Ba3aLZCp.js                        0.49 kB │ gzip:  0.28 kB
public/build/assets/store-Crz5-Wjw.js                           0.49 kB │ gzip:  0.28 kB
public/build/assets/DangerButton-CuPJfnI0.js                    0.50 kB │ gzip:  0.34 kB
public/build/assets/PrimaryButton-MO5rhrsm.js                   0.52 kB │ gzip:  0.34 kB
public/build/assets/SecondaryButton-Dr2NjJhL.js                 0.53 kB │ gzip:  0.36 kB
public/build/assets/GuestLayout-Dtoe-n6i.js                     0.56 kB │ gzip:  0.35 kB
public/build/assets/chevron-right-CFIvawOe.js                   0.60 kB │ gzip:  0.31 kB
public/build/assets/Edit-DhpVs5Ef.js                            1.03 kB │ gzip:  0.46 kB
public/build/assets/ForgotPassword-B552Oa7b.js                  1.21 kB │ gzip:  0.65 kB
public/build/assets/ConfirmPassword-bx_jSM0c.js                 1.24 kB │ gzip:  0.63 kB
public/build/assets/Modal-XLGwBbeP.js                           1.27 kB │ gzip:  0.58 kB
public/build/assets/VerifyEmail-D8q_-GgW.js                     1.28 kB │ gzip:  0.69 kB
public/build/assets/createLucideIcon-BNu1eSmn.js                1.38 kB │ gzip:  0.77 kB
public/build/assets/settings-qaCbl39i.js                        1.38 kB │ gzip:  0.57 kB
public/build/assets/FailureGuardianBanner-DOTaM201.js           1.39 kB │ gzip:  0.74 kB
public/build/assets/SearchBar-B5eiSHsR.js                       1.85 kB │ gzip:  0.86 kB
public/build/assets/ResetPassword-C_zqUg3p.js                   1.89 kB │ gzip:  0.69 kB
public/build/assets/DeleteUserForm-_cWbkH89.js                  2.24 kB │ gzip:  0.97 kB
public/build/assets/Register-DqOHPo1O.js                        2.40 kB │ gzip:  0.82 kB
public/build/assets/UpdateProfileInformationForm-DxPR7C6q.js    2.45 kB │ gzip:  1.02 kB
public/build/assets/UpdatePasswordForm-CgDzIkUW.js              2.52 kB │ gzip:  0.90 kB
public/build/assets/StatusUncertainPanel-h4ssOw7X.js            2.65 kB │ gzip:  1.12 kB
public/build/assets/ConnectivityBanner-BgZaKsb8.js              3.14 kB │ gzip:  1.19 kB
public/build/assets/Index-vA3uZwd8.js                           3.30 kB │ gzip:  1.00 kB
public/build/assets/Create-BhwsMwMA.js                          3.84 kB │ gzip:  1.51 kB
public/build/assets/Index-BiXPCWwl.js                           3.96 kB │ gzip:  1.31 kB
public/build/assets/PremiumDialog-L30_7vsm.js                   4.08 kB │ gzip:  1.48 kB
public/build/assets/Show-Dbd_Uh04.js                            4.27 kB │ gzip:  1.14 kB
public/build/assets/Create-ESGVIntf.js                          4.37 kB │ gzip:  1.60 kB
public/build/assets/ProductGrid-Ne-SPDP_.js                     4.40 kB │ gzip:  1.63 kB
public/build/assets/Create-DfmrwXhM.js                          4.53 kB │ gzip:  1.66 kB
public/build/assets/Connection-Bn6TFE52.js                      4.63 kB │ gzip:  1.34 kB
public/build/assets/ApplicationLogo-DJdxoMar.js                 4.77 kB │ gzip:  1.10 kB
public/build/assets/Index-DtwtvrfW.js                           5.16 kB │ gzip:  1.46 kB
public/build/assets/TerminalLockScreen-C_m42jzF.js              5.29 kB │ gzip:  2.03 kB
public/build/assets/Index-Dnaj_I13.js                           5.40 kB │ gzip:  1.49 kB
public/build/assets/Form-DWPfT-Fb.js                            5.59 kB │ gzip:  1.37 kB
public/build/assets/Show-1Gupn7LN.js                            6.49 kB │ gzip:  1.52 kB
public/build/assets/DenominationGrid-DZKtSdac.js                6.62 kB │ gzip:  2.00 kB
public/build/assets/Index-2U4wjD_q.js                           7.03 kB │ gzip:  2.11 kB
public/build/assets/Bootstrap-C1qLNBkB.js                       7.57 kB │ gzip:  2.22 kB
public/build/assets/Index-CYDE6TKO.js                           7.71 kB │ gzip:  2.05 kB
public/build/assets/jsx-runtime-Dqm5aSrS.js                     7.75 kB │ gzip:  2.98 kB
public/build/assets/Show-BHUusMiQ2.js                           8.31 kB │ gzip:  2.05 kB
public/build/assets/RecordCashEventModal-Dowd464Z.js            8.42 kB │ gzip:  2.71 kB
public/build/assets/Show-BhPo-e_H.js                            8.45 kB │ gzip:  2.06 kB
public/build/assets/Create-S5j9ZdKs2.js                         8.48 kB │ gzip:  2.05 kB
public/build/assets/offlineGuards-CB-3bhAD.js                   8.49 kB │ gzip:  2.34 kB
public/build/assets/Index-5MID2l8A.js                           8.56 kB │ gzip:  2.32 kB
public/build/assets/Edit-DgO4CJqx.js                            8.59 kB │ gzip:  2.09 kB
public/build/assets/ZReport-DOAbOCzu.js                         8.66 kB │ gzip:  2.01 kB
public/build/assets/Index-TWbbxmhI.js                           8.68 kB │ gzip:  1.96 kB
public/build/assets/Index-DSqnE63p.js                           8.94 kB │ gzip:  2.42 kB
public/build/assets/Index-B1faYjPd.js                           9.04 kB │ gzip:  2.28 kB
public/build/assets/Index-CUWekSJz.js                           9.13 kB │ gzip:  2.64 kB
public/build/assets/Index-B5cW4JWm.js                           9.15 kB │ gzip:  2.68 kB
public/build/assets/Index-yyjFrE2O.js                           9.17 kB │ gzip:  2.42 kB
public/build/assets/Summary-CnGaREBR.js                         9.29 kB │ gzip:  2.31 kB
public/build/assets/Login-BVPzswVX.js                           9.33 kB │ gzip:  2.81 kB
public/build/assets/Index-Byl4oevr.js                           9.54 kB │ gzip:  2.66 kB
public/build/assets/Index-CGD5kL5Y.js                           9.55 kB │ gzip:  2.63 kB
public/build/assets/Index-Bp_ur1u-.js                           9.63 kB │ gzip:  2.52 kB
public/build/assets/Cart-Dx_0DA_U.js                           10.68 kB │ gzip:  3.12 kB
public/build/assets/Show-B92V4Nes.js                           11.59 kB │ gzip:  2.66 kB
public/build/assets/Index-BgmWml-n.js                          12.27 kB │ gzip:  3.36 kB
public/build/assets/Review-Bvo2Axuv.js                         12.31 kB │ gzip:  3.38 kB
public/build/assets/Show-C4GXqNcw.js                           12.75 kB │ gzip:  2.98 kB
public/build/assets/Create-D2VmyVuE.js                         12.91 kB │ gzip:  3.07 kB
public/build/assets/Show-BLrldi_a.js                           12.95 kB │ gzip:  3.13 kB
public/build/assets/Edit-DwMMRCg-.js                           13.14 kB │ gzip:  3.08 kB
public/build/assets/Show-D1KdWjgb.js                           14.11 kB │ gzip:  2.52 kB
public/build/assets/Index-UtAfTPED.js                          14.18 kB │ gzip:  3.61 kB
public/build/assets/Receipt-DKGDwp4l.js                        14.27 kB │ gzip:  3.97 kB
public/build/assets/transition-CEyAVdqe.js                     14.55 kB │ gzip:  5.67 kB
public/build/assets/Show-CH-LvQ_2.js                           14.76 kB │ gzip:  3.52 kB
public/build/assets/Show-CMT5lhMp.js                           16.28 kB │ gzip:  4.43 kB
public/build/assets/Edit-v-XIRdln.js                           17.01 kB │ gzip:  3.77 kB
public/build/assets/Create-Bm_mrC0o.js                         17.07 kB │ gzip:  3.82 kB
public/build/assets/Show-DoBy5Udf.js                           17.99 kB │ gzip:  4.27 kB
public/build/assets/AuthenticatedLayout-D17CFbdS.js            18.34 kB │ gzip:  4.84 kB
public/build/assets/Welcome-UFWWPmKD.js                        19.56 kB │ gzip:  5.88 kB
public/build/assets/Create-w9U2gWMH.js                         21.32 kB │ gzip:  4.23 kB
public/build/assets/Dashboard-CiTNi8zi.js                      24.53 kB │ gzip:  6.68 kB
public/build/assets/SplitPayWizard-Cz0-sP2c.js                 25.60 kB │ gzip:  6.80 kB
public/build/assets/Show-B9kl23Wu.js                           25.81 kB │ gzip:  6.66 kB
public/build/assets/dialog-DEfp5qiy.js                         29.01 kB │ gzip: 10.34 kB
public/build/assets/Edit-BI-syaTf.js                           32.79 kB │ gzip:  6.63 kB
public/build/assets/axios-Bw2qykQx.js                          41.01 kB │ gzip: 15.96 kB
public/build/assets/Index-Bf-OY_w6.js                          44.22 kB │ gzip: 13.66 kB
public/build/assets/app-NmrK2gq0.js                           300.52 kB │ gzip: 96.36 kB

✓ built in 1.30s
